{"timestamp": "2026-02-18T10:00:01Z", "service": "auth-service", "level": "INFO", "message": "Authentication service started"}
{"timestamp": "2026-02-18T10:00:05Z", "service": "auth-service", "level": "INFO", "message": "Health check passed"}
{"timestamp": "2026-02-18T10:01:12Z", "service": "payment-service", "level": "WARNING", "message": "Slow database response detected"}
{"timestamp": "2026-02-18T10:01:30Z", "service": "payment-service", "level": "ERROR", "message": "Payment processing failed for order 4821"}
{"timestamp": "2026-02-18T10:01:45Z", "service": "payment-service", "level": "ERROR", "message": "Retry attempt failed for order 4821"}
{"timestamp": "2026-02-18T10:02:10Z", "service": "payment-service", "level": "ERROR", "message": "Transaction rollback initiated"}
{"timestamp": "2026-02-18T10:02:15Z", "service": "payment-service", "level": "INFO", "message": "Recovery sequence started"}
{"timestamp": "2026-02-18T10:03:02Z", "service": "inventory-service", "level": "INFO", "message": "Inventory sync started"}
{"timestamp": "2026-02-18T10:03:10Z", "service": "inventory-service", "level": "CRITICAL", "message": "Inventory database unreachable"}
{"timestamp": "2026-02-18T10:03:12Z", "service": "inventory-service", "level": "INFO", "message": "Retrying inventory database connection"}
{"timestamp": "2026-02-18T10:04:00Z", "service": "auth-service", "level": "ERROR", "message": "Token validation failed"}
{"timestamp": "2026-02-18T10:04:05Z", "service": "auth-service", "level": "INFO", "message": "Token refresh requested"}
{"timestamp": "2026-02-18T10:05:22Z", "service": "payment-service", "level": "ERROR", "message": "Timeout while calling external fraud API"}
{"timestamp": "2026-02-18T10:05:30Z", "service": "payment-service", "level": "INFO", "message": "Fraud API retry successful"}
{"timestamp": "2026-02-18T10:06:00Z", "service": "reporting-service", "level": "INFO", "message": "Daily report generation started"}
{"timestamp": "2026-02-18T10:06:45Z", "service": "reporting-service", "level": "WARNING", "message": "Large dataset detected for report"}
{"timestamp": "2026-02-18T10:07:12Z", "service": "reporting-service", "level": "ERROR", "message": "Report export failed due to disk space"}
{"timestamp": "2026-02-18T10:07:15Z", "service": "reporting-service", "level": "INFO", "message": "Cleanup initiated for temporary files"}
{"timestamp": "2026-02-18T10:08:00Z", "service": "auth-service", "level": "ERROR", "message": "Malformed JWT token received"}
{"timestamp": "2026-02-18T10:08:05Z", "service": "auth-service", "level": "INFO", "message": "Invalid token logged for audit"}
{"timestamp": "2026-02-18T10:08:30Z", "service": "payment-service", "level": "INFO", "message": "Batch reconciliation started"}
{"timestamp": "2026-02-18T10:08:45Z", "service": "payment-service", "level": "ERROR", "message": "Reconciliation mismatch detected for batch 778"}
{"timestamp": "2026-02-18T10:08:55Z", "service": "payment-service", "level": "ERROR", "message": "Reconciliation retry failed for batch 778"}
{"timestamp": "2026-02-18T10:09:05Z", "service": "payment-service", "level": "ERROR", "message": "Escalating reconciliation issue"}
{"timestamp": "2026-02-18T10:09:10Z", "service": "payment-service", "level": "INFO", "message": "Escalation logged"}
{"timestamp": "2026-02-18T10:09:40Z", "service": "inventory-service", "level": "INFO", "message": "Inventory sync resumed"}
{"timestamp": "2026-02-18T10:09:50Z", "service": "inventory-service", "level": "WARNING", "message": "Inventory latency above threshold"}
{"timestamp": "2026-02-18T10:10:05Z", "service": "inventory-service", "level": "ERROR", "message": "Inventory write operation failed"}
{"timestamp": "2026-02-18T10:10:15Z", "service": "inventory-service", "level": "ERROR", "message": "Inventory write retry failed"}
{"timestamp": "2026-02-18T10:10:20Z", "service": "inventory-service", "level": "INFO", "message": "Inventory write queued for retry"}
{"timestamp": "2026-02-18T10:11:00Z", "service": "auth-service", "level": "INFO", "message": "New user session created"}
{"timestamp": "2026-02-18T10:11:05Z", "service": "auth-service", "level": "ERROR", "message": "Session validation timeout"}
{"timestamp": "2026-02-18T10:11:10Z", "service": "auth-service", "level": "ERROR", "message": "Session validation retry failed"}
{"timestamp": "2026-02-18T10:11:20Z", "service": "auth-service", "level": "INFO", "message": "Session invalidated"}
{"timestamp": "2026-02-18T10:12:00Z", "service": "reporting-service", "level": "INFO", "message": "Generating weekly summary"}
{"timestamp": "2026-02-18T10:12:15Z", "service": "reporting-service", "level": "ERROR", "message": "Template rendering failure"}
{"timestamp": "2026-02-18T10:12:18Z", "service": "reporting-service", "level": "ERROR", "message": "Template fallback also failed"}
{"timestamp": "2026-02-18T10:12:25Z", "service": "reporting-service", "level": "CRITICAL", "message": "Reporting pipeline halted due to cascading failure"}
{"timestamp": "2026-02-18T10:12:40Z", "service": "reporting-service", "level": "INFO", "message": "Incident recorded in monitoring system"}
{"timestamp": "2026-02-18T10:13:00Z", "service": "auth-service", "level": "INFO", "message": "Password reset requested"}
{"timestamp": "2026-02-18T10:13:05Z", "service": "auth-service", "level": "WARNING", "message": "Suspicious password reset frequency detected"}
{"timestamp": "2026-02-18T10:13:10Z", "service": "auth-service", "level": "ERROR", "message": "Rate limit exceeded for password reset"}
{"timestamp": "2026-02-18T10:13:12Z", "service": "auth-service", "level": "INFO", "message": "User temporarily blocked"}
{"timestamp": "2026-02-18T10:14:00Z", "service": "inventory-service", "level": "INFO", "message": "Inventory cache warmed"}
{"timestamp": "2026-02-18T10:14:10Z", "service": "inventory-service", "level": "ERROR", "message": "Cache synchronization mismatch"}
{"timestamp": "2026-02-18T10:14:20Z", "service": "inventory-service", "level": "ERROR", "message": "Cache re-sync failed"}
{"timestamp": "2026-02-18T10:14:30Z", "service": "inventory-service", "level": "INFO", "message": "Cache rebuild scheduled"}
{"timestamp": "2026-02-18T10:15:00Z", "service": "payment-service", "level": "INFO", "message": "Processing subscription renewals"}
{"timestamp": "2026-02-18T10:15:05Z", "service": "payment-service", "level": "ERROR", "message": "Subscription charge declined"}
{"timestamp": "2026-02-18T10:15:08Z", "service": "payment-service", "level": "ERROR", "message": "Retry for subscription charge declined"}
{"timestamp": "2026-02-18T10:15:12Z", "service": "payment-service", "level": "ERROR", "message": "Subscription flagged for manual review"}
{"timestamp": "2026-02-18T10:15:30Z", "service": "payment-service", "level": "INFO", "message": "Manual review queue updated"}
